> # this is h1!  

> * list  

> `textbox`  